// Jest Snapshot v1, https://goo.gl/fbAQLP

exports[`Email Default has correct label 1`] = `
<div
  className="sc-bwzfXH gtUzlI"
>
  <label
    className="sc-htpNat eIVrOl"
    htmlFor={undefined}
  >
    Email
  </label>
  <input
    aria-describedby={undefined}
    aria-invalid={false}
    aria-required={false}
    className="sc-bdVaJa hqnjOU"
    id={undefined}
    onBlur={[Function]}
    onChange={[Function]}
    type="text"
    value=""
  />
</div>
`;
