// Jest Snapshot v1, https://goo.gl/fbAQLP

exports[`Password Default has correct props 1`] = `
.c0 {
  display: -webkit-box;
  display: -webkit-flex;
  display: -ms-flexbox;
  display: flex;
  -webkit-flex-direction: column;
  -ms-flex-direction: column;
  flex-direction: column;
  width: 100%;
  margin-bottom: 15px;
}

.c1 {
  color: #222;
  font-weight: bold;
  margin-bottom: 3px;
}

.c2 {
  background: #FFFFFF;
  line-height: 20px;
  vertical-align: middle;
  padding: 6px 8px;
  color: #222;
  vertical-align: middle;
  border: 1px solid #ddd;
  border-radius: 3px 3px;
  box-shadow: inset 0 1px 2px rgba(0,0,0,0.075);
  background-repeat: no-repeat;
  background-position: right 8px center;
  outline: none;
}

.c2:hover {
  border-color: #b9b9b9;
  border-top-color: #a0a0a0;
}

.c2:focus {
  border-color: #4d90fe;
}

<div
  className="c0"
>
  <label
    className="c1"
    htmlFor={undefined}
  >
    Password
  </label>
  <input
    aria-describedby={undefined}
    aria-invalid={false}
    aria-required={false}
    className="c2"
    id={undefined}
    onBlur={[Function]}
    onChange={[Function]}
    type="password"
    value=""
  />
</div>
`;
