// Jest Snapshot v1, https://goo.gl/fbAQLP

exports[`Errors accepts props 1`] = `
<span
  className="error-message label-class test"
  id="labelId"
>
  Test Input
</span>
`;

exports[`Errors does not render without child 1`] = `null`;

exports[`Errors renders with child 1`] = `
<span
  className="error-message"
>
  Test Error
</span>
`;
