// Jest Snapshot v1, https://goo.gl/fbAQLP

exports[`Password Default has correct props 1`] = `
<div
  className="input-container"
>
  <label
    htmlFor={undefined}
  >
    Password
  </label>
  <input
    className={undefined}
    id={undefined}
    onBlur={[Function]}
    onChange={[Function]}
    onFocus={[Function]}
    type="password"
    value=""
  />
</div>
`;
